/home/danezhang/dev/blog/jingchunzhang.github.io/docs/scripts/migrate_dates.py:73: SyntaxWarning: invalid escape sequence '\s'
  pattern = re.compile(f'^({key}:\s*)(.*)$', re.MULTILINE)
Scanning 340 files...
Updated blog/2026-03-14-the-best-gifts-for-people-with-diabetes.md
Updated blog/Diabetic-Meal-Prep-for-Beginners-Cookbook-with-30-Day-Meal-Plan-to-Prevent-and-Reverse-Diabetes-Simple-and-Healthy-Recipes.epub.md
Updated blog/managing_diabetes_costs-en.md
Updated blog/meal_planning_myths.md
Updated blog/2026-03-14-the-best-gifts-for-people-with-diabetes-en.md
Updated blog/managing_diabetes_costs.md
Updated blog/caregiver_support.md
Updated blog/caregiver_support-en.md
Updated blog/meal_planning_myths-en.md
Updated blog/obesity_diabetes_link.md
Updated blog/obesity_diabetes_link-en.md
Updated blog/prevention/2026-03-17-longitudinal-changes-in-epigenetic-age-a.md
Updated blog/prevention/2026-03-17-longitudinal-changes-in-epigenetic-age-a-en.md
Updated blog/prevention/sleep/caffeine-sleep-glucose-en.md
Updated blog/prevention/sleep/diabetes-a-to-z-basics.md
Updated blog/prevention/sleep/sleep-regularity-social-jetlag.md
Updated blog/prevention/sleep/sleep-regularity-social-jetlag-en.md
Updated blog/prevention/sleep/caffeine-sleep-glucose.md
Updated blog/prevention/sleep/pregnancy-sleep-routine-gestational-diabetes-prevention.md
Updated blog/prevention/sleep/pregnancy-sleep-routine-gestational-diabetes-prevention-en.md
Updated blog/prevention/sleep/diabetes-a-to-z-basics-en.md
Updated blog/prevention/sleep/how-sleep-prevents-diabetes.md
Updated blog/prevention/sleep/how-sleep-prevents-diabetes-en.md
Updated blog/prevention/emotion/emotion-management-diabetes-prevention-en.md
Updated blog/prevention/emotion/five-minute-calm-toolbox-en.md
Updated blog/prevention/emotion/diabetes-common-questions-answered.md
Updated blog/prevention/emotion/diabetes-common-questions-answered-en.md
Updated blog/prevention/emotion/stress-eating-cravings-glucose-en.md
Updated blog/prevention/emotion/stress-eating-cravings-glucose.md
Updated blog/prevention/emotion/emotion-management-diabetes-prevention.md
Updated blog/prevention/emotion/five-minute-calm-toolbox.md
Updated blog/prevention/diet/diabetes-heart-health-risk-en.md
Updated blog/prevention/diet/prediabetes-reversal-guide.md
Updated blog/prevention/diet/protein-batch-cooking-diabetes-prevention.md
Updated blog/prevention/diet/anti-inflammatory-diet-diabetes-prevention.md
Updated blog/prevention/diet/2026-03-17-how-to-eat-carbs-without-causing-a-blood.md
Updated blog/prevention/diet/protein-strategy-glucose-stability-en.md
Updated blog/prevention/diet/protein-batch-cooking-diabetes-prevention-en.md
Updated blog/prevention/diet/snack-box-craving-control-diabetes-prevention.md
Updated blog/prevention/diet/prediabetes-reversal-guide-en.md
Updated blog/prevention/diet/anti-inflammatory-diet-diabetes-prevention-en.md
Updated blog/prevention/diet/30-day-diabetes-meal-plan-prevention-en.md
Updated blog/prevention/diet/ph-miracle-diabetes.md
Updated blog/prevention/diet/balanced-diet-diabetes-prevention.md
Updated blog/prevention/diet/lunch-box-diabetes-prevention-en.md
Updated blog/prevention/diet/diabetes-heart-health-risk.md
Updated blog/prevention/diet/ultra-processed-foods-diabetes-prevention-en.md
Updated blog/prevention/diet/low-glycemic-cooking-practical-guide-en.md
Updated blog/prevention/diet/meal-prep-diabetes-beginners-prevention.md
Updated blog/prevention/diet/intermittent-fasting-diabetes-prevention-en.md
Updated blog/prevention/diet/2026-03-17-how-to-eat-carbs-without-causing-a-blood-en.md
Updated blog/prevention/diet/practical-carbohydrate-counting-en.md
Updated blog/prevention/diet/hydration-glucose-stability-en.md
Updated blog/prevention/diet/gestational-diabetes-prevention-pregnancy-en.md
Updated blog/prevention/diet/practical-carbohydrate-counting.md
Updated blog/prevention/diet/gestational-diabetes-prevention-pregnancy.md
Updated blog/prevention/diet/meal-prep-diabetes-beginners-prevention-en.md
Updated blog/prevention/diet/snack-box-craving-control-diabetes-prevention-en.md
Updated blog/prevention/diet/ultra-processed-foods-diabetes-prevention.md
Updated blog/prevention/diet/30-day-diabetes-meal-plan-prevention.md
Updated blog/prevention/diet/low-glycemic-cooking-practical-guide.md
Updated blog/prevention/diet/a-primer-for-diabetic-patients.md
Updated blog/prevention/diet/vegetable-prep-shortcuts-diabetes-prevention.md
Updated blog/prevention/diet/hydration-glucose-stability.md
Updated blog/prevention/diet/ph-miracle-diabetes-en.md
Updated blog/prevention/diet/lunch-box-diabetes-prevention.md
Updated blog/prevention/diet/balanced-diet-diabetes-prevention-en.md
Updated blog/prevention/diet/a-primer-for-diabetic-patients-en.md
Updated blog/prevention/diet/vegetable-prep-shortcuts-diabetes-prevention-en.md
Updated blog/prevention/diet/protein-strategy-glucose-stability.md
Updated blog/prevention/diet/breakfast-structure-diabetes-prevention-en.md
Updated blog/prevention/diet/breakfast-structure-diabetes-prevention.md
Updated blog/prevention/diet/intermittent-fasting-diabetes-prevention.md
Updated blog/prevention/exercise/diabetes-exercise-safety-guide.md
Updated blog/prevention/exercise/prediabetes-early-warning-signs.md
Updated blog/prevention/exercise/how-daily-exercise-prevents-diabetes-en.md
Updated blog/prevention/exercise/strength-training-insulin-sensitivity.md
Updated blog/prevention/exercise/post-meal-walk-glucose-control.md
Updated blog/prevention/exercise/pregnancy-safe-exercise-gestational-diabetes-prevention-en.md
Updated blog/prevention/exercise/prediabetes-early-warning-signs-en.md
Updated blog/prevention/exercise/diabetes-exercise-safety-guide-en.md
Updated blog/prevention/exercise/pregnancy-safe-exercise-gestational-diabetes-prevention.md
Updated blog/prevention/exercise/how-daily-exercise-prevents-diabetes.md
Updated blog/prevention/exercise/strength-training-insulin-sensitivity-en.md
Updated blog/prevention/exercise/post-meal-walk-glucose-control-en.md
Updated blog/rehabilitation/emotion/postpartum-lactation-stress-glucose-recovery-en.md
Updated blog/rehabilitation/emotion/diabetes-terms-you-should-know.md
Updated blog/rehabilitation/emotion/postpartum-lactation-stress-glucose-recovery.md
Updated blog/rehabilitation/emotion/diabetes-terms-you-should-know-en.md
Updated blog/rehabilitation/exercise/physical-medicine-rehabilitation-diabetic-en.md
Updated blog/rehabilitation/exercise/physical-medicine-rehabilitation-diabetic.md
Updated blog/rehabilitation/diet/diabetes-prevention-treatment-roadmap.md
Updated blog/rehabilitation/diet/diabetes-prevention-treatment-roadmap-en.md
Updated blog/rehabilitation/diet/postpartum-lactation-glucose-recovery-en.md
Updated blog/rehabilitation/diet/postpartum-lactation-glucose-recovery.md
Updated blog/treatment/diet/comfort-food-late-night-hunger-plan-diabetes-treatment.md
Updated blog/treatment/diet/2026-03-15-diabetes-education-patients-en.md
Updated blog/treatment/diet/2026-03-15-american-diabetes-association-complete-guide-en.md
Updated blog/treatment/diet/comfort-food-casserole-rice-balance-diabetes-treatment.md
Updated blog/treatment/diet/home-diabetes-management-framework.md
Updated blog/treatment/diet/comfort-food-eating-out-swap-diabetes-treatment-en.md
Updated blog/treatment/diet/2026-03-19-glucose-during-spring-b-en.md
Updated blog/treatment/diet/comfort-food-breakfast-template-diabetes-treatment-en.md
Updated blog/treatment/diet/home-diabetes-management-framework-en.md
Updated blog/treatment/diet/practical-diabetes-care-canada-en.md
Updated blog/treatment/diet/2026-03-15-dash-diet-diabetes-en.md
Updated blog/treatment/diet/the-diabetes-code-en.md
Updated blog/treatment/diet/comfort-food-diabetes-treatment.md
Updated blog/treatment/diet/2026-03-15-lgbt-inclusive-diabetes-care-en.md
Updated blog/treatment/diet/2026-03-19-糖尿病-during-autumn-a-en.md
Updated blog/treatment/diet/comfort-food-snack-craving-control-diabetes-treatment-en.md
Updated blog/treatment/diet/2026-03-15-practical-diabetes-care-daily-en.md
Updated blog/treatment/diet/2026-03-15-high-fiber-diabetes-recipes.md
Updated blog/treatment/diet/comfort-food-soup-noodle-rebuild-diabetes-treatment-en.md
Updated blog/treatment/diet/gestational-diabetes-home-care-pregnancy-en.md
Updated blog/treatment/diet/2026-03-15-transgender-diabetes-hormone-therapy.md
Updated blog/treatment/diet/2026-03-15-practical-diabetes-care-daily.md
Updated blog/treatment/diet/2026-03-15-diabetic-meal-prep-beginners.md
Updated blog/treatment/diet/2026-03-15-lgbt-inclusive-diabetes-care.md
Updated blog/treatment/diet/practical-diabetes-care.md
Updated blog/treatment/diet/2026-03-19-糖尿病-during-autumn-b-en.md
Updated blog/treatment/diet/2026-03-15-high-fiber-diabetes-recipes-en.md
Updated blog/treatment/diet/2026-03-15-diabetic-meal-prep-beginners-en.md
Updated blog/treatment/diet/2026-03-20-african-immigrants-with-type-2-diabetes-.md
Updated blog/treatment/diet/practical-diabetes-care-en.md
Updated blog/treatment/diet/gestational-diabetes-home-care-pregnancy.md
Updated blog/treatment/diet/comfort-food-dessert-portion-strategy-diabetes-treatment.md
Updated blog/treatment/diet/2026-03-19-glucose-during-spring-a-en.md
Updated blog/treatment/diet/2026-03-19-diabetic-in-canada-a-en.md
Updated blog/treatment/diet/2026-03-15-how-to-eat-carbs-without-spike-en.md
Updated blog/treatment/diet/comfort-food-casserole-rice-balance-diabetes-treatment-en.md
Updated blog/treatment/diet/comfort-food-eating-out-swap-diabetes-treatment.md
Updated blog/treatment/diet/comfort-food-family-dinner-rotation-diabetes-treatment-en.md
Updated blog/treatment/diet/pregnancy-diabetes-birth.md
Updated blog/treatment/diet/2026-03-15-diabetes-a-to-z.md
Updated blog/treatment/diet/comfort-food-snack-craving-control-diabetes-treatment.md
Updated blog/treatment/diet/2026-03-15-lgbt-diabetes-risk-en.md
Updated blog/treatment/diet/comfort-food-meal-prep-batch-cooking-diabetes-treatment-en.md
Updated blog/treatment/diet/diabetes-complications-prevention-screening.md
Updated blog/treatment/diet/2026-03-15-american-diabetes-association-complete-guide.md
Updated blog/treatment/diet/comfort-food-family-dinner-rotation-diabetes-treatment.md
Updated blog/treatment/diet/pregnancy-diabetes-birth-en.md
Updated blog/treatment/diet/2026-03-15-diabetes-education-patients.md
Updated blog/treatment/diet/practical-diabetes-care-canada.md
Updated blog/treatment/diet/2026-03-15-diabetic-cooking-everyone-en.md
Updated blog/treatment/diet/comfort-food-breakfast-template-diabetes-treatment.md
Updated blog/treatment/diet/2026-03-15-diabetic-cooking-everyone.md
Updated blog/treatment/diet/comfort-food-diabetes-treatment-en.md
Updated blog/treatment/diet/comfort-food-meal-prep-batch-cooking-diabetes-treatment.md
Updated blog/treatment/diet/2026-03-15-diabetes-a-to-z-en.md
Updated blog/treatment/diet/2026-03-17-associations-of-body-weight-and-covid-19.md
Updated blog/treatment/diet/comfort-food-dessert-portion-strategy-diabetes-treatment-en.md
Updated blog/treatment/diet/2026-03-19-糖尿病-during-autumn-b.md
Updated blog/treatment/diet/comfort-food-late-night-hunger-plan-diabetes-treatment-en.md
Updated blog/treatment/diet/2026-03-17-associations-of-body-weight-and-covid-19-en.md
Updated blog/treatment/diet/2026-03-15-dash-diet-diabetes.md
Updated blog/treatment/diet/2026-03-15-transgender-diabetes-hormone-therapy-en.md
Updated blog/treatment/diet/2026-03-15-how-to-eat-carbs-without-spike.md
Updated blog/treatment/diet/2026-03-15-lgbt-diabetes-risk.md
Updated blog/treatment/diet/2026-03-19-glucose-during-spring-a.md
Updated blog/treatment/diet/comfort-food-soup-noodle-rebuild-diabetes-treatment.md
Updated blog/treatment/diet/2026-03-20-management-and-outcomes-of-people-presen.md
Updated blog/treatment/diet/2026-03-19-糖尿病-during-autumn-a.md
Updated blog/treatment/diet/2026-03-20-management-and-outcomes-of-people-presen-en.md
Updated blog/treatment/diet/diabetes-complications-prevention-screening-en.md
Updated blog/treatment/diet/2026-03-19-diabetic-in-canada-a.md
Updated blog/treatment/diet/the-diabetes-code.md
Updated blog/treatment/diet/2026-03-19-glucose-during-spring-b.md
Updated blog/treatment/diet/2026-03-20-african-immigrants-with-type-2-diabetes--en.md
Updated blog/treatment/sleep/2026-03-17-your-right-to-bring-diabetes-supplies-in.md
Updated blog/treatment/sleep/endocrinology-tests-for-diabetes-followup-en.md
Updated blog/treatment/sleep/2026-03-17-your-right-to-bring-diabetes-supplies-in-en.md
Updated blog/treatment/sleep/2026-03-20-national-access-to-renal-transplantation.md
Updated blog/treatment/sleep/endocrinology-tests-for-diabetes-followup.md
Updated blog/treatment/sleep/gestational-diabetes-night-glucose-routine.md
Updated blog/treatment/sleep/gestational-diabetes-night-glucose-routine-en.md
Updated blog/treatment/sleep/2026-03-20-national-access-to-renal-transplantation-en.md
Updated blog/treatment/exercise/2026-03-17-association-of-genetic-variation-with-ag.md
Updated blog/treatment/exercise/2026-03-17-how-to-participate-in-diabetes-research--en.md
Updated blog/treatment/exercise/2026-03-20-understanding-type-2-diabetes-en.md
Updated blog/treatment/exercise/2026-03-18-feasibility-and-cost-effectiveness-of-at-en.md
Updated blog/treatment/exercise/2026-03-20-everything-you-need-to-know-about-insuli-en.md
Updated blog/treatment/exercise/2026-03-20-everything-you-need-to-know-about-insuli.md
Updated blog/treatment/exercise/type2-diabetes-monitoring-protocols.md
Updated blog/treatment/exercise/2026-03-20-disparities-in-diabetes-technology-utili.md
Updated blog/treatment/exercise/2026-03-18-comparative-safety-of-sulfonylurea-thera.md
Updated blog/treatment/exercise/2026-03-20-disparities-in-diabetes-technology-utili-en.md
Updated blog/treatment/exercise/2026-03-20-enhancing-evidence-based-care-using-tria-en.md
Updated blog/treatment/exercise/2026-03-20-effects-of-benfotiamine-treatment-over-1.md
Updated blog/treatment/exercise/2026-03-17-how-baths-and-showers-affect-blood-sugar.md
Updated blog/treatment/exercise/2026-03-20-enhancing-evidence-based-care-using-tria.md
Updated blog/treatment/exercise/2026-03-17-how-to-participate-in-diabetes-research-.md
Updated blog/treatment/exercise/2026-03-20-what-is-type-1-diabetes?-en.md
Updated blog/treatment/exercise/2026-03-18-feasibility-and-cost-effectiveness-of-at.md
Updated blog/treatment/exercise/2026-03-20-what-is-type-1-diabetes?.md
Updated blog/treatment/exercise/2026-03-17-association-of-genetic-variation-with-ag-en.md
Updated blog/treatment/exercise/2026-03-17-how-baths-and-showers-affect-blood-sugar-en.md
Updated blog/treatment/exercise/type2-diabetes-monitoring-protocols-en.md
Updated blog/treatment/exercise/2026-03-18-comparative-safety-of-sulfonylurea-thera-en.md
Updated blog/treatment/exercise/2026-03-20-understanding-type-2-diabetes.md
Updated blog/treatment/exercise/2026-03-20-effects-of-benfotiamine-treatment-over-1-en.md
Updated blog/treatment/emotion/2026-03-15-psyching-out-diabetes.md
Updated blog/treatment/emotion/2026-03-17-inflammatory-profile-of-diabetic-ketoaci-en.md
Updated blog/treatment/emotion/2026-03-17-zero-dollar-drug-copay-program-improves--en.md
Updated blog/treatment/emotion/2026-03-17-zero-dollar-drug-copay-program-improves-.md
Updated blog/treatment/emotion/2026-03-20-age-and-sex-differences-in-diabetic-keto.md
Updated blog/treatment/emotion/diabetes-mental-health-anxiety-en.md
Updated blog/treatment/emotion/psychology-in-diabetes-care-en.md
Updated blog/treatment/emotion/type1-diabetes-clinic-to-home-plan.md
Updated blog/treatment/emotion/2026-03-20-association-of-glp-1-receptor-agonists-w-en.md
Updated blog/treatment/emotion/psychology-in-diabetes-care.md
Updated blog/treatment/emotion/2026-03-17-feasibility-and-cost-effectiveness-of-at-en.md
Updated blog/treatment/emotion/2026-03-15-psyching-out-diabetes-en.md
Updated blog/treatment/emotion/2026-03-17-inflammatory-profile-of-diabetic-ketoaci.md
Updated blog/treatment/emotion/diabetes-mental-health-anxiety.md
Updated blog/treatment/emotion/type1-diabetes-clinic-to-home-plan-en.md
Updated blog/treatment/emotion/2026-03-20-association-of-glp-1-receptor-agonists-w.md
Updated blog/treatment/emotion/2026-03-17-feasibility-and-cost-effectiveness-of-at.md
Updated blog/treatment/emotion/2026-03-20-age-and-sex-differences-in-diabetic-keto-en.md
Updated blog/_trash/grocery-list-diabetes-meal-prep-prevention-en.md
Updated blog/_trash/diet_2026-03-14-how-to-eat-carbs-without-causing-a-blood.md
Updated blog/_trash/breakfast-meal-prep-diabetes-prevention-en.md
Updated blog/_trash/emotion_2026-03-14-inflammatory-profile-of-diabetic-ketoaci-en.md
Updated blog/_trash/freezer-friendly-diabetes-dinners-prevention-en.md
Updated blog/_trash/2026-03-15-diabetes-supplies-rights.md
Updated blog/_trash/2026-03-15-pregnancy-diabetes-birth-guide.md
Updated blog/_trash/emotion_2026-03-14-your-right-to-bring-diabetes-supplies-in.md
Updated blog/_trash/diet_2026-03-14-how-to-eat-carbs-without-causing-a-blood-en.md
Updated blog/_trash/emotion_psyching-out-diabetes-en.md
Updated blog/_trash/2026-03-15-pregnancy-diabetes-birth-guide-en.md
Updated blog/_trash/freezer-friendly-diabetes-dinners-prevention.md
Updated blog/_trash/exercise_2026-03-14-how-baths-and-showers-affect-blood-sugar.md
Updated blog/_trash/blog_2026-03-14-how-to-participate-in-diabetes-research-.md
Updated blog/_trash/dessert-portion-meal-prep-diabetes-prevention.md
Updated blog/_trash/dessert-portion-meal-prep-diabetes-prevention-en.md
Updated blog/_trash/emotion_psyching-out-diabetes.md
Updated blog/_trash/grocery-list-diabetes-meal-prep-prevention.md
Updated blog/_trash/2026-03-15-diabetes-supplies-rights-en.md
Updated blog/_trash/breakfast-meal-prep-diabetes-prevention.md
Updated blog/_trash/emotion_2026-03-14-inflammatory-profile-of-diabetic-ketoaci.md
Updated blog/_trash/emotion_2026-03-14-your-right-to-bring-diabetes-supplies-in-en.md
Updated blog/_trash/blog_2026-03-14-how-to-participate-in-diabetes-research--en.md
